// Vitest Snapshot v1, https://vitest.dev/guide/snapshot.html

exports[`i18n messages > matches the snapshot for English translations 1`] = `
{
  "actions.cancel": "Cancel",
  "actions.newEntry": "New entry",
  "actions.save": "Save",
  "app.footer.copyright": "© {year} Asso. All rights reserved.",
  "app.footer.links.legal": "Legal notices",
  "app.footer.links.privacy": "Privacy policy",
  "app.footer.links.support": "Support",
  "app.name": "Asso",
  "app.navigation.accounting": "Accounting",
  "app.navigation.dashboard": "Dashboard",
  "app.navigation.grants": "Grants",
  "app.navigation.main": "Main navigation",
  "app.navigation.memberPortal": "Member portal",
  "app.navigation.members": "Members",
  "app.navigation.projects": "Projects",
  "app.navigation.settings": "Settings",
  "app.navigation.sidebar": "Sidebar navigation",
  "app.navigation.supervision": "Supervision",
  "app.navigation.title": "Navigation",
  "app.tagline": "Management & Accounting",
  "auth.logout": "Sign out",
  "common.loading": "Loading…",
  "common.modal.close": "Close",
  "layout.close": "Close",
  "layout.openNavigation": "Open navigation",
  "settings.notifications.saved": "Preferences updated",
  "settings.options.currencies.EUR": "Euro (EUR)",
  "settings.options.currencies.GBP": "Pound Sterling (GBP)",
  "settings.options.currencies.USD": "US Dollar (USD)",
  "settings.options.locales.en": "English",
  "settings.options.locales.fr": "French",
  "settings.pageDescription": "Manage localization and accounting defaults for your workspace.",
  "settings.pageTitle": "Preferences",
  "settings.sections.currency.description": "Amounts are formatted using the selected currency.",
  "settings.sections.currency.preview": "Preview: {amount} on {date}",
  "settings.sections.currency.selectLabel": "Currency",
  "settings.sections.currency.title": "Accounting currency",
  "settings.sections.locale.description": "Choose the language used across the application.",
  "settings.sections.locale.selectLabel": "Language",
  "settings.sections.locale.title": "Interface language",
}
`;

exports[`i18n messages > matches the snapshot for French translations 1`] = `
{
  "actions.cancel": "Annuler",
  "actions.newEntry": "Nouvelle écriture",
  "actions.save": "Enregistrer",
  "app.footer.copyright": "© {year} Asso. Tous droits réservés.",
  "app.footer.links.legal": "Mentions légales",
  "app.footer.links.privacy": "Politique de confidentialité",
  "app.footer.links.support": "Support",
  "app.name": "Asso",
  "app.navigation.accounting": "Comptabilité",
  "app.navigation.dashboard": "Tableau de bord",
  "app.navigation.grants": "Subventions",
  "app.navigation.main": "Navigation principale",
  "app.navigation.memberPortal": "Portail adhérent",
  "app.navigation.members": "Membres",
  "app.navigation.projects": "Projets",
  "app.navigation.settings": "Paramètres",
  "app.navigation.sidebar": "Navigation latérale",
  "app.navigation.supervision": "Supervision",
  "app.navigation.title": "Navigation",
  "app.tagline": "Gestion & Comptabilité",
  "auth.logout": "Se déconnecter",
  "common.loading": "Chargement…",
  "common.modal.close": "Fermer",
  "layout.close": "Fermer",
  "layout.openNavigation": "Ouvrir la navigation",
  "settings.notifications.saved": "Préférences mises à jour",
  "settings.options.currencies.EUR": "Euro (EUR)",
  "settings.options.currencies.GBP": "Livre sterling (GBP)",
  "settings.options.currencies.USD": "Dollar américain (USD)",
  "settings.options.locales.en": "Anglais",
  "settings.options.locales.fr": "Français",
  "settings.pageDescription": "Configurez la langue et la devise utilisées dans l'application.",
  "settings.pageTitle": "Préférences",
  "settings.sections.currency.description": "Les montants sont formatés avec la devise sélectionnée.",
  "settings.sections.currency.preview": "Aperçu : {amount} au {date}",
  "settings.sections.currency.selectLabel": "Devise",
  "settings.sections.currency.title": "Devise comptable",
  "settings.sections.locale.description": "Choisissez la langue utilisée dans l'interface.",
  "settings.sections.locale.selectLabel": "Langue",
  "settings.sections.locale.title": "Langue de l'interface",
}
`;
