// Vitest Snapshot v1, https://vitest.dev/guide/snapshot.html

exports[`i18n messages > matches the snapshot for English translations 1`] = `
{
  "actions.cancel": "Cancel",
  "actions.newEntry": "New entry",
  "actions.save": "Save",
  "app.footer.copyright": "© {year} Asso. All rights reserved.",
  "app.footer.links.dpa": "Data Processing Agreement",
  "app.footer.links.privacy": "Privacy policy",
  "app.footer.links.support": "Support",
  "app.footer.links.terms": "Terms of service",
  "app.name": "Asso",
  "app.navigation.accounting": "Accounting",
  "app.navigation.dashboard": "Dashboard",
  "app.navigation.grants": "Grants",
  "app.navigation.main": "Main navigation",
  "app.navigation.memberPortal": "Member portal",
  "app.navigation.members": "Members",
  "app.navigation.projects": "Projects",
  "app.navigation.settings": "Settings",
  "app.navigation.sidebar": "Sidebar navigation",
  "app.navigation.supervision": "Supervision",
  "app.navigation.title": "Navigation",
  "app.tagline": "Management & Accounting",
  "auth.loginCTA": "Sign in",
  "auth.logout": "Sign out",
  "common.loading": "Loading…",
  "common.modal.close": "Close",
  "layout.close": "Close",
  "layout.openNavigation": "Open navigation",
  "legal.actions.downloadPdf": "Download as PDF",
  "legal.common.lastUpdated": "Last updated: {date}",
  "legal.common.tableOfContents": "Table of contents",
  "legal.dpa.description": "This agreement defines the obligations of the controller (the association) and the processor (Asso).",
  "legal.dpa.fileName": "asso-dpa-en.pdf",
  "legal.dpa.sections.assistance.content.p1": "Asso supports the association with data subject requests and incident notifications.",
  "legal.dpa.sections.assistance.content.p2": "At the end of the contract, data is either returned or securely deleted according to the association's decision.",
  "legal.dpa.sections.assistance.title": "Assistance and cooperation",
  "legal.dpa.sections.instructions.content.p1": "Asso only processes personal data based on documented instructions from the association.",
  "legal.dpa.sections.instructions.content.p2": "Any request that conflicts with applicable law is escalated to the controller without delay.",
  "legal.dpa.sections.instructions.title": "Documented instructions",
  "legal.dpa.sections.purpose.content.p1": "The agreement governs the processing activities carried out by Asso on behalf of the association in line with GDPR.",
  "legal.dpa.sections.purpose.content.p2": "It applies for the duration of the contract and during the data handover phase.",
  "legal.dpa.sections.purpose.title": "Purpose",
  "legal.dpa.sections.security.content.p1": "Appropriate technical and organizational measures prevent accidental destruction, loss or disclosure.",
  "legal.dpa.sections.security.content.p2": "Access is restricted to authorized personnel and is comprehensively logged.",
  "legal.dpa.sections.security.title": "Security measures",
  "legal.dpa.sections.subprocessors.content.p1": "The association is informed of any additional sub-processor and can raise documented objections.",
  "legal.dpa.sections.subprocessors.content.p2": "Asso imposes equivalent security and confidentiality requirements on its sub-processors.",
  "legal.dpa.sections.subprocessors.title": "Sub-processing",
  "legal.dpa.title": "Data Processing Agreement",
  "legal.dpa.updatedAt": "1 November 2024",
  "legal.privacy.description": "This policy explains how Asso processes personal data on behalf of customer organizations.",
  "legal.privacy.fileName": "asso-privacy-policy-en.pdf",
  "legal.privacy.sections.collection.content.p1": "Identification, billing and accounting data are collected to deliver the contracted services.",
  "legal.privacy.sections.collection.content.p2": "Audit logs are retained for three years to preserve the traceability of sensitive operations.",
  "legal.privacy.sections.collection.title": "Data collection",
  "legal.privacy.sections.contact.content.p1": "Inquiries can be addressed to privacy@asso.example or the Data Protection Officer.",
  "legal.privacy.sections.contact.title": "Contact",
  "legal.privacy.sections.rights.content.p1": "Members can exercise their access, rectification, objection and deletion rights through their association or directly with the publisher.",
  "legal.privacy.sections.rights.content.p2": "Requests are handled within 30 days and tracked in a GDPR request register.",
  "legal.privacy.sections.rights.title": "Individual rights",
  "legal.privacy.sections.security.content.p1": "Data is hosted in the European Union with encrypted backups and strict access control.",
  "legal.privacy.sections.security.content.p2": "Information is retained for the duration of the contract plus any statutory retention period.",
  "legal.privacy.sections.security.title": "Security and retention",
  "legal.privacy.sections.use.content.p1": "Data is used to execute the contract, fulfil legal obligations and continuously improve the platform.",
  "legal.privacy.sections.use.content.p2": "Data is never sold. Sub-processors operate under GDPR-compliant agreements.",
  "legal.privacy.sections.use.title": "Data usage",
  "legal.privacy.title": "Privacy policy",
  "legal.privacy.updatedAt": "1 November 2024",
  "legal.terms.description": "These terms govern access to the Asso platform and outline the respective responsibilities of associations and the publisher.",
  "legal.terms.fileName": "asso-terms-en.pdf",
  "legal.terms.sections.accounts.content.p1": "The organization administrator is responsible for the accuracy of the information provided during onboarding.",
  "legal.terms.sections.accounts.content.p2": "Each user keeps their credentials confidential and reports any suspicious activity without delay.",
  "legal.terms.sections.accounts.content.p3": "Access may be suspended if legal or contractual obligations are breached.",
  "legal.terms.sections.accounts.title": "Account creation and access",
  "legal.terms.sections.contact.content.p1": "Questions can be sent to support@asso.example or via the in-app documentation hub.",
  "legal.terms.sections.contact.title": "Contact",
  "legal.terms.sections.responsibilities.content.p1": "Associations remain responsible for the accuracy of the data they enter and for complying with statutory requirements.",
  "legal.terms.sections.responsibilities.content.p2": "The publisher implements appropriate security measures and informs the customer about relevant incidents.",
  "legal.terms.sections.responsibilities.content.p3": "Indirect damages or lost profits cannot be claimed from the publisher.",
  "legal.terms.sections.responsibilities.title": "Responsibilities",
  "legal.terms.sections.scope.content.p1": "The Asso service is intended for non-profit organizations that need to manage bookkeeping and members.",
  "legal.terms.sections.scope.content.p2": "Using the platform implies full acceptance of these terms and of all related policies.",
  "legal.terms.sections.scope.content.p3": "Features may evolve to comply with regulations and to meet customer expectations.",
  "legal.terms.sections.scope.title": "Purpose and scope",
  "legal.terms.sections.services.content.p1": "Asso provides accounting, member management, grant tracking and regulatory reporting modules.",
  "legal.terms.sections.services.content.p2": "The service is available around the clock. Scheduled maintenance is announced at least 48 hours in advance.",
  "legal.terms.sections.services.content.p3": "Daily backups are performed to guarantee service continuity and data integrity.",
  "legal.terms.sections.services.title": "Features and availability",
  "legal.terms.title": "Terms of Service",
  "legal.terms.updatedAt": "1 November 2024",
  "settings.notifications.saved": "Preferences updated",
  "settings.options.currencies.EUR": "Euro (EUR)",
  "settings.options.currencies.GBP": "Pound Sterling (GBP)",
  "settings.options.currencies.USD": "US Dollar (USD)",
  "settings.options.locales.en": "English",
  "settings.options.locales.fr": "French",
  "settings.pageDescription": "Manage localization and accounting defaults for your workspace.",
  "settings.pageTitle": "Preferences",
  "settings.sections.currency.description": "Amounts are formatted using the selected currency.",
  "settings.sections.currency.preview": "Preview: {amount} on {date}",
  "settings.sections.currency.selectLabel": "Currency",
  "settings.sections.currency.title": "Accounting currency",
  "settings.sections.locale.description": "Choose the language used across the application.",
  "settings.sections.locale.selectLabel": "Language",
  "settings.sections.locale.title": "Interface language",
}
`;

exports[`i18n messages > matches the snapshot for French translations 1`] = `
{
  "actions.cancel": "Annuler",
  "actions.newEntry": "Nouvelle écriture",
  "actions.save": "Enregistrer",
  "app.footer.copyright": "© {year} Asso. Tous droits réservés.",
  "app.footer.links.dpa": "Accord de traitement des données",
  "app.footer.links.privacy": "Politique de confidentialité",
  "app.footer.links.support": "Support",
  "app.footer.links.terms": "Conditions générales d'utilisation",
  "app.name": "Asso",
  "app.navigation.accounting": "Comptabilité",
  "app.navigation.dashboard": "Tableau de bord",
  "app.navigation.grants": "Subventions",
  "app.navigation.main": "Navigation principale",
  "app.navigation.memberPortal": "Portail adhérent",
  "app.navigation.members": "Membres",
  "app.navigation.projects": "Projets",
  "app.navigation.settings": "Paramètres",
  "app.navigation.sidebar": "Navigation latérale",
  "app.navigation.supervision": "Supervision",
  "app.navigation.title": "Navigation",
  "app.tagline": "Gestion & Comptabilité",
  "auth.loginCTA": "Se connecter",
  "auth.logout": "Se déconnecter",
  "common.loading": "Chargement…",
  "common.modal.close": "Fermer",
  "layout.close": "Fermer",
  "layout.openNavigation": "Ouvrir la navigation",
  "legal.actions.downloadPdf": "Télécharger en PDF",
  "legal.common.lastUpdated": "Dernière mise à jour : {date}",
  "legal.common.tableOfContents": "Sommaire",
  "legal.dpa.description": "L'accord précise les obligations respectives du responsable de traitement (l'association) et du sous-traitant (Asso).",
  "legal.dpa.fileName": "asso-dpa-fr.pdf",
  "legal.dpa.sections.assistance.content.p1": "Asso assiste l'association dans les demandes d'exercice des droits et la notification d'incidents.",
  "legal.dpa.sections.assistance.content.p2": "À la fin du contrat, les données sont restituées ou supprimées de manière sécurisée selon le choix de l'association.",
  "legal.dpa.sections.assistance.title": "Assistance et coopération",
  "legal.dpa.sections.instructions.content.p1": "Asso ne traite les données personnelles que sur instruction documentée de l'association.",
  "legal.dpa.sections.instructions.content.p2": "Toute demande contraire au droit applicable est immédiatement signalée au responsable de traitement.",
  "legal.dpa.sections.instructions.title": "Instructions documentées",
  "legal.dpa.sections.purpose.content.p1": "Le présent accord encadre les traitements réalisés par Asso pour le compte de l'association conformément au RGPD.",
  "legal.dpa.sections.purpose.content.p2": "Il s'applique pendant toute la durée du contrat et pendant la période de réversibilité des données.",
  "legal.dpa.sections.purpose.title": "Objet",
  "legal.dpa.sections.security.content.p1": "Des mesures techniques et organisationnelles adaptées protègent les données contre la destruction, la perte ou la divulgation accidentelles.",
  "legal.dpa.sections.security.content.p2": "Les accès sont limités aux personnes autorisées et font l'objet d'une journalisation détaillée.",
  "legal.dpa.sections.security.title": "Mesures de sécurité",
  "legal.dpa.sections.subprocessors.content.p1": "L'association est informée de tout sous-traitant additionnel et dispose d'un droit d'opposition documenté.",
  "legal.dpa.sections.subprocessors.content.p2": "Asso impose contractuellement à ses sous-traitants les mêmes obligations de sécurité et de confidentialité.",
  "legal.dpa.sections.subprocessors.title": "Sous-traitance ultérieure",
  "legal.dpa.title": "Data Processing Agreement",
  "legal.dpa.updatedAt": "1er novembre 2024",
  "legal.privacy.description": "Cette politique décrit les traitements de données personnelles opérés par Asso pour le compte des associations clientes.",
  "legal.privacy.fileName": "asso-politique-confidentialite-fr.pdf",
  "legal.privacy.sections.collection.content.p1": "Les données d'identification, de facturation et de comptabilité sont collectées pour fournir le service.",
  "legal.privacy.sections.collection.content.p2": "Les journaux d'activité sont conservés trois ans pour assurer la traçabilité des opérations sensibles.",
  "legal.privacy.sections.collection.title": "Collecte des données",
  "legal.privacy.sections.contact.content.p1": "Les responsables peuvent adresser leurs questions à privacy@asso.example ou au Délégué à la protection des données.",
  "legal.privacy.sections.contact.title": "Contact",
  "legal.privacy.sections.rights.content.p1": "Chaque membre peut exercer ses droits d'accès, de rectification, d'opposition et d'effacement via l'association ou directement auprès de l'éditeur.",
  "legal.privacy.sections.rights.content.p2": "Les demandes sont traitées sous 30 jours et enregistrées dans un registre des requêtes RGPD.",
  "legal.privacy.sections.rights.title": "Droits des personnes",
  "legal.privacy.sections.security.content.p1": "Les données sont hébergées dans l'Union européenne avec des sauvegardes chiffrées et un contrôle d'accès strict.",
  "legal.privacy.sections.security.content.p2": "Les informations sont conservées pendant la durée du contrat augmentée des obligations légales de conservation.",
  "legal.privacy.sections.security.title": "Sécurité et conservation",
  "legal.privacy.sections.use.content.p1": "Les données sont utilisées pour l'exécution du contrat, la conformité légale et l'amélioration continue de la plateforme.",
  "legal.privacy.sections.use.content.p2": "Aucune donnée n'est revendue. Les sous-traitants sont soumis à un accord de traitement conforme au RGPD.",
  "legal.privacy.sections.use.title": "Utilisation des données",
  "legal.privacy.title": "Politique de confidentialité",
  "legal.privacy.updatedAt": "1er novembre 2024",
  "legal.terms.description": "Ces conditions encadrent l'accès au service Asso et définissent les responsabilités respectives de l'association et de l'éditeur.",
  "legal.terms.fileName": "asso-cgu-fr.pdf",
  "legal.terms.sections.accounts.content.p1": "L'administrateur d'une association garantit l'exactitude des informations fournies lors de la création du compte.",
  "legal.terms.sections.accounts.content.p2": "Chaque utilisateur est responsable de la confidentialité de ses identifiants et doit signaler toute activité suspecte.",
  "legal.terms.sections.accounts.content.p3": "L'accès peut être suspendu en cas de non-respect des obligations légales ou contractuelles.",
  "legal.terms.sections.accounts.title": "Création de compte et accès",
  "legal.terms.sections.contact.content.p1": "Pour toute question, contactez support@asso.example ou consultez la documentation accessible depuis l'application.",
  "legal.terms.sections.contact.title": "Contact",
  "legal.terms.sections.responsibilities.content.p1": "L'association est responsable des données saisies et de leur conformité avec les obligations comptables.",
  "legal.terms.sections.responsibilities.content.p2": "L'éditeur garantit la mise en œuvre de mesures de sécurité raisonnables et notifie toute violation pertinente.",
  "legal.terms.sections.responsibilities.content.p3": "Les dommages indirects ou pertes de profits ne peuvent être imputés à l'éditeur.",
  "legal.terms.sections.responsibilities.title": "Responsabilités",
  "legal.terms.sections.scope.content.p1": "Le service Asso est destiné à la gestion et à la comptabilité des associations loi 1901.",
  "legal.terms.sections.scope.content.p2": "Toute utilisation suppose l'acceptation sans réserve des présentes conditions, y compris les politiques associées.",
  "legal.terms.sections.scope.content.p3": "Les fonctionnalités peuvent évoluer pour répondre aux exigences légales et aux besoins des utilisateurs.",
  "legal.terms.sections.scope.title": "Objet et champ d'application",
  "legal.terms.sections.services.content.p1": "Asso met à disposition des modules de comptabilité, gestion des membres, subventions et rapports réglementaires.",
  "legal.terms.sections.services.content.p2": "Le service est disponible 24h/24 avec une maintenance programmée annoncée au moins 48 heures à l'avance.",
  "legal.terms.sections.services.content.p3": "Des sauvegardes quotidiennes sont réalisées afin d'assurer la continuité et l'intégrité des données.",
  "legal.terms.sections.services.title": "Fonctionnalités et disponibilité",
  "legal.terms.title": "Conditions Générales d'Utilisation",
  "legal.terms.updatedAt": "1er novembre 2024",
  "settings.notifications.saved": "Préférences mises à jour",
  "settings.options.currencies.EUR": "Euro (EUR)",
  "settings.options.currencies.GBP": "Livre sterling (GBP)",
  "settings.options.currencies.USD": "Dollar américain (USD)",
  "settings.options.locales.en": "Anglais",
  "settings.options.locales.fr": "Français",
  "settings.pageDescription": "Configurez la langue et la devise utilisées dans l'application.",
  "settings.pageTitle": "Préférences",
  "settings.sections.currency.description": "Les montants sont formatés avec la devise sélectionnée.",
  "settings.sections.currency.preview": "Aperçu : {amount} au {date}",
  "settings.sections.currency.selectLabel": "Devise",
  "settings.sections.currency.title": "Devise comptable",
  "settings.sections.locale.description": "Choisissez la langue utilisée dans l'interface.",
  "settings.sections.locale.selectLabel": "Langue",
  "settings.sections.locale.title": "Langue de l'interface",
}
`;
